#! /usr/bin/vvp
:ivl_version "12.0 (stable)" "(v12_0-dirty)";
:ivl_delay_selection "TYPICAL";
:vpi_time_precision + 0;
:vpi_module "/usr/lib/ivl/system.vpi";
:vpi_module "/usr/lib/ivl/vhdl_sys.vpi";
:vpi_module "/usr/lib/ivl/vhdl_textio.vpi";
:vpi_module "/usr/lib/ivl/v2005_math.vpi";
:vpi_module "/usr/lib/ivl/va_math.vpi";
S_0x5615a5a24320 .scope module, "alu_test" "alu_test" 2 5;
 .timescale 0 0;
P_0x5615a5a244b0 .param/l "Width" 0 2 7, +C4<00000000000000000000000000001000>;
v0x5615a5a4e970_0 .net "aluOut", 7 0, v0x5615a5a4e3b0_0;  1 drivers
v0x5615a5a4ea50_0 .net "carry", 0 0, v0x5615a5a4e490_0;  1 drivers
v0x5615a5a4eaf0_0 .var "ctrlSig", 3 0;
v0x5615a5a4ebf0_0 .var/i "i", 31 0;
v0x5615a5a4ec90_0 .var "op1", 7 0;
v0x5615a5a4ed30_0 .var "op2", 7 0;
v0x5615a5a4ee00_0 .net "zero", 0 0, L_0x5615a5a5f3e0;  1 drivers
S_0x5615a5a33aa0 .scope module, "mod" "alu" 2 15, 3 26 0, S_0x5615a5a24320;
 .timescale 0 0;
    .port_info 0 /INPUT 4 "ctrlSig";
    .port_info 1 /INPUT 8 "op1";
    .port_info 2 /INPUT 8 "op2";
    .port_info 3 /OUTPUT 8 "aluOut";
    .port_info 4 /OUTPUT 1 "carry";
    .port_info 5 /OUTPUT 1 "zero";
P_0x5615a5a33c80 .param/l "Width" 0 3 26, +C4<00000000000000000000000000001000>;
v0x5615a5a33dc0_0 .net *"_ivl_0", 31 0, L_0x5615a5a4eed0;  1 drivers
L_0x7f7b57c690f0 .functor BUFT 1, C4<00>, C4<0>, C4<0>, C4<0>;
v0x5615a5a4de60_0 .net/2s *"_ivl_10", 1 0, L_0x7f7b57c690f0;  1 drivers
v0x5615a5a4df40_0 .net *"_ivl_12", 1 0, L_0x5615a5a5f220;  1 drivers
L_0x7f7b57c69018 .functor BUFT 1, C4<000000000000000000000000>, C4<0>, C4<0>, C4<0>;
v0x5615a5a4e000_0 .net *"_ivl_3", 23 0, L_0x7f7b57c69018;  1 drivers
L_0x7f7b57c69060 .functor BUFT 1, C4<00000000000000000000000000000000>, C4<0>, C4<0>, C4<0>;
v0x5615a5a4e0e0_0 .net/2u *"_ivl_4", 31 0, L_0x7f7b57c69060;  1 drivers
v0x5615a5a4e210_0 .net *"_ivl_6", 0 0, L_0x5615a5a5f080;  1 drivers
L_0x7f7b57c690a8 .functor BUFT 1, C4<01>, C4<0>, C4<0>, C4<0>;
v0x5615a5a4e2d0_0 .net/2s *"_ivl_8", 1 0, L_0x7f7b57c690a8;  1 drivers
v0x5615a5a4e3b0_0 .var "aluOut", 7 0;
v0x5615a5a4e490_0 .var "carry", 0 0;
v0x5615a5a4e550_0 .net "ctrlSig", 3 0, v0x5615a5a4eaf0_0;  1 drivers
v0x5615a5a4e630_0 .net "op1", 7 0, v0x5615a5a4ec90_0;  1 drivers
v0x5615a5a4e710_0 .net "op2", 7 0, v0x5615a5a4ed30_0;  1 drivers
v0x5615a5a4e7f0_0 .net "zero", 0 0, L_0x5615a5a5f3e0;  alias, 1 drivers
E_0x5615a5a2fbe0 .event anyedge, v0x5615a5a4e550_0, v0x5615a5a4e630_0, v0x5615a5a4e710_0;
L_0x5615a5a4eed0 .concat [ 8 24 0 0], v0x5615a5a4e3b0_0, L_0x7f7b57c69018;
L_0x5615a5a5f080 .cmp/eq 32, L_0x5615a5a4eed0, L_0x7f7b57c69060;
L_0x5615a5a5f220 .functor MUXZ 2, L_0x7f7b57c690f0, L_0x7f7b57c690a8, L_0x5615a5a5f080, C4<>;
L_0x5615a5a5f3e0 .part L_0x5615a5a5f220, 0, 1;
    .scope S_0x5615a5a33aa0;
T_0 ;
    %wait E_0x5615a5a2fbe0;
    %load/vec4 v0x5615a5a4e550_0;
    %dup/vec4;
    %pushi/vec4 0, 0, 4;
    %cmp/u;
    %jmp/1 T_0.0, 6;
    %dup/vec4;
    %pushi/vec4 1, 0, 4;
    %cmp/u;
    %jmp/1 T_0.1, 6;
    %dup/vec4;
    %pushi/vec4 2, 0, 4;
    %cmp/u;
    %jmp/1 T_0.2, 6;
    %dup/vec4;
    %pushi/vec4 3, 0, 4;
    %cmp/u;
    %jmp/1 T_0.3, 6;
    %dup/vec4;
    %pushi/vec4 4, 0, 4;
    %cmp/u;
    %jmp/1 T_0.4, 6;
    %dup/vec4;
    %pushi/vec4 5, 0, 4;
    %cmp/u;
    %jmp/1 T_0.5, 6;
    %dup/vec4;
    %pushi/vec4 6, 0, 4;
    %cmp/u;
    %jmp/1 T_0.6, 6;
    %dup/vec4;
    %pushi/vec4 7, 0, 4;
    %cmp/u;
    %jmp/1 T_0.7, 6;
    %dup/vec4;
    %pushi/vec4 8, 0, 4;
    %cmp/u;
    %jmp/1 T_0.8, 6;
    %dup/vec4;
    %pushi/vec4 9, 0, 4;
    %cmp/u;
    %jmp/1 T_0.9, 6;
    %dup/vec4;
    %pushi/vec4 10, 0, 4;
    %cmp/u;
    %jmp/1 T_0.10, 6;
    %pushi/vec4 0, 0, 8;
    %assign/vec4 v0x5615a5a4e3b0_0, 0;
    %jmp T_0.12;
T_0.0 ;
    %load/vec4 v0x5615a5a4e630_0;
    %inv;
    %assign/vec4 v0x5615a5a4e3b0_0, 0;
    %jmp T_0.12;
T_0.1 ;
    %load/vec4 v0x5615a5a4e630_0;
    %load/vec4 v0x5615a5a4e710_0;
    %and;
    %assign/vec4 v0x5615a5a4e3b0_0, 0;
    %jmp T_0.12;
T_0.2 ;
    %load/vec4 v0x5615a5a4e630_0;
    %load/vec4 v0x5615a5a4e710_0;
    %or;
    %assign/vec4 v0x5615a5a4e3b0_0, 0;
    %jmp T_0.12;
T_0.3 ;
    %load/vec4 v0x5615a5a4e630_0;
    %load/vec4 v0x5615a5a4e710_0;
    %xor;
    %assign/vec4 v0x5615a5a4e3b0_0, 0;
    %jmp T_0.12;
T_0.4 ;
    %load/vec4 v0x5615a5a4e630_0;
    %pad/u 9;
    %load/vec4 v0x5615a5a4e710_0;
    %pad/u 9;
    %add;
    %split/vec4 8;
    %assign/vec4 v0x5615a5a4e3b0_0, 0;
    %assign/vec4 v0x5615a5a4e490_0, 0;
    %jmp T_0.12;
T_0.5 ;
    %load/vec4 v0x5615a5a4e630_0;
    %pad/u 9;
    %load/vec4 v0x5615a5a4e710_0;
    %pad/u 9;
    %sub;
    %split/vec4 8;
    %assign/vec4 v0x5615a5a4e3b0_0, 0;
    %assign/vec4 v0x5615a5a4e490_0, 0;
    %jmp T_0.12;
T_0.6 ;
    %load/vec4 v0x5615a5a4e630_0;
    %pad/u 9;
    %load/vec4 v0x5615a5a4e710_0;
    %pad/u 9;
    %mul;
    %split/vec4 8;
    %assign/vec4 v0x5615a5a4e3b0_0, 0;
    %assign/vec4 v0x5615a5a4e490_0, 0;
    %jmp T_0.12;
T_0.7 ;
    %load/vec4 v0x5615a5a4e630_0;
    %pad/u 9;
    %load/vec4 v0x5615a5a4e710_0;
    %pad/u 9;
    %div;
    %split/vec4 8;
    %assign/vec4 v0x5615a5a4e3b0_0, 0;
    %assign/vec4 v0x5615a5a4e490_0, 0;
    %jmp T_0.12;
T_0.8 ;
    %load/vec4 v0x5615a5a4e630_0;
    %ix/getv 4, v0x5615a5a4e710_0;
    %shiftr 4;
    %assign/vec4 v0x5615a5a4e3b0_0, 0;
    %jmp T_0.12;
T_0.9 ;
    %load/vec4 v0x5615a5a4e630_0;
    %pad/u 9;
    %ix/getv 4, v0x5615a5a4e710_0;
    %shiftl 4;
    %split/vec4 8;
    %assign/vec4 v0x5615a5a4e3b0_0, 0;
    %assign/vec4 v0x5615a5a4e490_0, 0;
    %jmp T_0.12;
T_0.10 ;
    %load/vec4 v0x5615a5a4e630_0;
    %load/vec4 v0x5615a5a4e710_0;
    %sub;
    %assign/vec4 v0x5615a5a4e3b0_0, 0;
    %load/vec4 v0x5615a5a4e710_0;
    %load/vec4 v0x5615a5a4e630_0;
    %cmp/u;
    %flag_mov 8, 5;
    %jmp/0 T_0.13, 8;
    %pushi/vec4 1, 0, 2;
    %jmp/1 T_0.14, 8;
T_0.13 ; End of true expr.
    %pushi/vec4 0, 0, 2;
    %jmp/0 T_0.14, 8;
 ; End of false expr.
    %blend;
T_0.14;
    %pad/s 1;
    %assign/vec4 v0x5615a5a4e490_0, 0;
    %jmp T_0.12;
T_0.12 ;
    %pop/vec4 1;
    %jmp T_0;
    .thread T_0, $push;
    .scope S_0x5615a5a24320;
T_1 ;
    %pushi/vec4 10, 0, 8;
    %store/vec4 v0x5615a5a4ec90_0, 0, 8;
    %pushi/vec4 4, 0, 8;
    %store/vec4 v0x5615a5a4ed30_0, 0, 8;
    %pushi/vec4 0, 0, 32;
    %store/vec4 v0x5615a5a4ebf0_0, 0, 32;
    %end;
    .thread T_1;
    .scope S_0x5615a5a24320;
T_2 ;
    %vpi_call 2 26 "$display", "op1 = %d, op2 = %d", v0x5615a5a4ec90_0, v0x5615a5a4ed30_0 {0 0 0};
    %vpi_call 2 27 "$display", "op1 = %b, op2 = %b", v0x5615a5a4ec90_0, v0x5615a5a4ed30_0 {0 0 0};
    %vpi_call 2 28 "$display", "\033[4m                                   \033[24m" {0 0 0};
    %vpi_call 2 29 "$display", "operation   output   carry   zero  " {0 0 0};
    %vpi_call 2 30 "$display", "\033[9m                                   \033[29m" {0 0 0};
    %pushi/vec4 0, 0, 32;
    %store/vec4 v0x5615a5a4ebf0_0, 0, 32;
T_2.0 ;
    %load/vec4 v0x5615a5a4ebf0_0;
    %cmpi/s 11, 0, 32;
    %jmp/0xz T_2.1, 5;
    %delay 5, 0;
    %load/vec4 v0x5615a5a4ebf0_0;
    %pad/s 4;
    %assign/vec4 v0x5615a5a4eaf0_0, 0;
    %vpi_call 2 35 "$display", "   %b       %d      %b       %b", v0x5615a5a4eaf0_0, v0x5615a5a4e970_0, v0x5615a5a4ea50_0, v0x5615a5a4ee00_0 {0 0 0};
    %load/vec4 v0x5615a5a4ebf0_0;
    %addi 1, 0, 32;
    %store/vec4 v0x5615a5a4ebf0_0, 0, 32;
    %jmp T_2.0;
T_2.1 ;
    %vpi_call 2 37 "$display", "\033[9m                                   \033[29m" {0 0 0};
    %end;
    .thread T_2;
# The file index is used to find the file name in the following table.
:file_names 4;
    "N/A";
    "<interactive>";
    "alu_test.v";
    "./../src/alu.v";
